[Laravel](http://localhost)

# Hello!

Robin was unbundled.

Regards,
Laravel

Â© 2023 Laravel. All rights reserved.
