[Laravel](http://localhost)

# Hello!

Pieter was bundled.

Regards,
Laravel

Â© 2023 Laravel. All rights reserved.
