[Laravel](http://localhost)

# Hello!

Pieter was not bundled.

Regards,
Laravel

Â© 2023 Laravel. All rights reserved.
